2026-02-16 10:41:38.711 -06:00 [INF] --------------------------
2026-02-16 10:41:38.749 -06:00 [INF] Serilog configured. Logs: C:\Users\sbutski\Documents\VSCode Solutions Folder\PatchInstaller\bin\Debug\net10.0\Patch_logs\patch-installer-.log
2026-02-16 10:41:38.754 -06:00 [INF] PatchInstaller starting. Args: 
2026-02-16 10:41:38.760 -06:00 [INF] Process: PatchInstaller (15144), User: sbutski
2026-02-16 10:41:38.764 -06:00 [INF] OS: Microsoft Windows NT 10.0.26200.0, 64-bit OS: true, 64-bit process: true
2026-02-16 10:41:38.773 -06:00 [INF] Pre-check pending reboot: true. Signals: SessionMgr:PendingFileRenameOperations
2026-02-16 10:41:38.777 -06:00 [INF] Windows Update search criteria: IsInstalled=0 and IsHidden=0 and Type='Software'
2026-02-16 10:41:38.859 -06:00 [INF] Searching for updates...
2026-02-16 10:41:47.941 -06:00 [INF] Search completed. ResultCode=2, UpdatesFound=0
2026-02-16 10:41:47.942 -06:00 [INF] No applicable updates found. System appears up to date.
2026-02-16 10:43:07.474 -06:00 [INF] --------------------------
2026-02-16 10:43:07.506 -06:00 [INF] Serilog configured. Logs: C:\Users\sbutski\Documents\VSCode Solutions Folder\PatchInstaller\bin\Debug\net10.0\Patch_logs\patch-installer-.log
2026-02-16 10:43:07.510 -06:00 [INF] PatchInstaller starting. Args: 
2026-02-16 10:43:07.514 -06:00 [INF] Process: PatchInstaller (28840), User: sbutski
2026-02-16 10:43:07.517 -06:00 [INF] OS: Microsoft Windows NT 10.0.26200.0, 64-bit OS: true, 64-bit process: true
2026-02-16 10:43:07.524 -06:00 [INF] Pre-check pending reboot: true. Signals: SessionMgr:PendingFileRenameOperations
2026-02-16 10:43:07.526 -06:00 [INF] Windows Update search criteria: IsInstalled=0 and IsHidden=0 and Type='Software'
2026-02-16 10:43:07.587 -06:00 [INF] Searching for updates...
2026-02-16 10:43:15.530 -06:00 [INF] Search completed. ResultCode=2, UpdatesFound=0
2026-02-16 10:43:15.532 -06:00 [INF] No applicable updates found. System appears up to date.
2026-02-16 10:44:14.257 -06:00 [INF] --------------------------
2026-02-16 10:44:14.291 -06:00 [INF] Serilog configured. Logs: C:\Users\sbutski\Documents\VSCode Solutions Folder\PatchInstaller\bin\Debug\net10.0\Patch_logs\patch-installer-.log
2026-02-16 10:44:14.294 -06:00 [INF] PatchInstaller starting. Args: 
2026-02-16 10:44:14.298 -06:00 [INF] Process: PatchInstaller (27404), User: sbutski
2026-02-16 10:44:14.301 -06:00 [INF] OS: Microsoft Windows NT 10.0.26200.0, 64-bit OS: true, 64-bit process: true
2026-02-16 10:44:14.309 -06:00 [INF] Pre-check pending reboot: true. Signals: SessionMgr:PendingFileRenameOperations
2026-02-16 10:44:14.310 -06:00 [INF] Windows Update search criteria: IsInstalled=0 and IsHidden=0 and Type='Software'
2026-02-16 10:44:14.370 -06:00 [INF] Searching for updates...
2026-02-16 10:44:22.554 -06:00 [INF] Search completed. ResultCode=2, UpdatesFound=0
2026-02-16 10:44:22.555 -06:00 [INF] No applicable updates found. System appears up to date.
2026-02-16 10:52:09.241 -06:00 [INF] --------------------------
2026-02-16 10:52:09.272 -06:00 [INF] Serilog configured. Logs: C:\Users\sbutski\Documents\VSCode Solutions Folder\PatchInstaller\bin\Debug\net10.0\Patch_logs\patch-installer-.log
2026-02-16 10:52:09.276 -06:00 [INF] PatchInstaller starting. Args: 
2026-02-16 10:52:09.281 -06:00 [INF] Process: PatchInstaller (2888), User: sbutski
2026-02-16 10:52:09.284 -06:00 [INF] OS: Microsoft Windows NT 10.0.26200.0, 64-bit OS: true, 64-bit process: true
2026-02-16 10:52:09.290 -06:00 [INF] Pre-check pending reboot: true. Signals: SessionMgr:PendingFileRenameOperations
2026-02-16 10:52:09.292 -06:00 [INF] Windows Update search criteria: IsInstalled=0 and IsHidden=0 and Type='Software'
2026-02-16 10:52:09.356 -06:00 [INF] Searching for updates...
2026-02-16 10:52:17.081 -06:00 [INF] Search completed. ResultCode=2, UpdatesFound=0
2026-02-16 10:52:17.083 -06:00 [INF] No applicable updates found. System appears up to date.
2026-02-16 11:11:44.989 -06:00 [INF] --------------------------
2026-02-16 11:11:45.026 -06:00 [INF] Serilog configured. Logs: C:\Users\sbutski\Documents\VSCode Solutions Folder\PatchInstaller\bin\Debug\net10.0\Patch_logs\patch-installer-.log
2026-02-16 11:11:45.032 -06:00 [INF] PatchInstaller starting. Args: 
2026-02-16 11:11:45.036 -06:00 [INF] Process: PatchInstaller (31452), User: sbutski
2026-02-16 11:11:45.039 -06:00 [INF] OS: Microsoft Windows NT 10.0.26200.0, 64-bit OS: true, 64-bit process: true
2026-02-16 11:11:45.041 -06:00 [DBG] This Process is running in DEBUG mode and the debug-only code is enabled. You can set the 's_bDoDebugOnlyCode' variable to true to enable this code block for debugging purposes.
2026-02-16 11:11:45.048 -06:00 [INF] Pre-check pending reboot: true. Signals: SessionMgr:PendingFileRenameOperations
2026-02-16 11:11:45.049 -06:00 [INF] Windows Update search criteria: IsInstalled=0 and IsHidden=0 and Type='Software'
2026-02-16 11:11:45.113 -06:00 [INF] Searching for updates...
2026-02-16 11:11:55.590 -06:00 [INF] Search completed. ResultCode=2, UpdatesFound=0
2026-02-16 11:11:55.592 -06:00 [INF] No applicable updates found. System appears up to date.
2026-02-16 11:12:38.286 -06:00 [INF] --------------------------
2026-02-16 11:12:38.322 -06:00 [INF] Serilog configured. Logs: C:\Users\sbutski\Documents\VSCode Solutions Folder\PatchInstaller\bin\Debug\net10.0\Patch_logs\patch-installer-.log
2026-02-16 11:12:38.326 -06:00 [INF] PatchInstaller starting. Args: 
2026-02-16 11:12:38.330 -06:00 [INF] Process: PatchInstaller (31388), User: sbutski
2026-02-16 11:12:38.334 -06:00 [INF] OS: Microsoft Windows NT 10.0.26200.0, 64-bit OS: true, 64-bit process: true
2026-02-16 11:12:38.337 -06:00 [DBG] This Process is running in DEBUG mode and the debug-only code is enabled.
2026-02-16 11:12:38.341 -06:00 [INF] Pre-check pending reboot: true. Signals: SessionMgr:PendingFileRenameOperations
2026-02-16 11:12:38.343 -06:00 [INF] Windows Update search criteria: IsInstalled=0 and IsHidden=0 and Type='Software'
2026-02-16 11:12:38.404 -06:00 [INF] Searching for updates...
2026-02-16 11:12:47.337 -06:00 [INF] Search completed. ResultCode=2, UpdatesFound=0
2026-02-16 11:12:47.340 -06:00 [INF] No applicable updates found. System appears up to date.
2026-02-16 11:15:17.445 -06:00 [INF] --------------------------
2026-02-16 11:15:17.477 -06:00 [INF] Serilog configured. Logs: C:\Users\sbutski\Documents\VSCode Solutions Folder\PatchInstaller\bin\Debug\net10.0\Patch_logs\patch-installer-.log
2026-02-16 11:15:17.481 -06:00 [INF] PatchInstaller starting. Args: 
2026-02-16 11:15:17.485 -06:00 [INF] Process: PatchInstaller (36428), User: sbutski
2026-02-16 11:15:17.488 -06:00 [INF] OS: Microsoft Windows NT 10.0.26200.0, 64-bit OS: true, 64-bit process: true
2026-02-16 11:15:17.490 -06:00 [DBG] This Process is running in DEBUG mode and the debug-only code is enabled.
2026-02-16 11:15:17.495 -06:00 [INF] Pre-check pending reboot: true. Signals: SessionMgr:PendingFileRenameOperations
2026-02-16 11:15:17.496 -06:00 [INF] Windows Update search criteria: IsInstalled=0 and IsHidden=0 and Type='Software'
2026-02-16 11:15:17.553 -06:00 [INF] Searching for updates...
2026-02-16 11:15:24.919 -06:00 [INF] Search completed. ResultCode=2, UpdatesFound=0
2026-02-16 11:15:24.920 -06:00 [INF] No applicable updates found. System appears up to date.
