2026-02-16 11:14:54.054 -06:00 [INF] --------------------------
2026-02-16 11:14:54.094 -06:00 [INF] Serilog configured. Logs: C:\Users\sbutski\Documents\VSCode Solutions Folder\PatchInstaller\bin\Release\net10.0\win-x64\publish\Patch_logs\patch-installer-.log
2026-02-16 11:14:54.097 -06:00 [INF] PatchInstaller starting. Args: 
2026-02-16 11:14:54.102 -06:00 [INF] Process: PatchInstaller (29796), User: sbutski
2026-02-16 11:14:54.105 -06:00 [INF] OS: Microsoft Windows NT 10.0.26200.0, 64-bit OS: true, 64-bit process: true
2026-02-16 11:14:54.111 -06:00 [INF] Pre-check pending reboot: true. Signals: SessionMgr:PendingFileRenameOperations
2026-02-16 11:14:54.113 -06:00 [INF] Windows Update search criteria: IsInstalled=0 and IsHidden=0 and Type='Software'
2026-02-16 11:14:54.173 -06:00 [INF] Searching for updates...
2026-02-16 11:15:03.367 -06:00 [INF] Search completed. ResultCode=2, UpdatesFound=0
2026-02-16 11:15:03.371 -06:00 [INF] No applicable updates found. System appears up to date.
2026-02-16 11:18:18.691 -06:00 [INF] --------------------------
2026-02-16 11:18:18.725 -06:00 [INF] Serilog configured. Logs: C:\Users\sbutski\Documents\VSCode Solutions Folder\PatchInstaller\bin\Release\net10.0\win-x64\publish\Patch_logs\patch-installer-.log
2026-02-16 11:18:18.729 -06:00 [INF] PatchInstaller starting. Args: 
2026-02-16 11:18:18.733 -06:00 [INF] Process: PatchInstaller (34728), User: sbutski
2026-02-16 11:18:18.736 -06:00 [INF] OS: Microsoft Windows NT 10.0.26200.0, 64-bit OS: true, 64-bit process: true
2026-02-16 11:18:18.740 -06:00 [DBG] This Process is running in RELEASE mode.
2026-02-16 11:18:18.744 -06:00 [INF] Pre-check pending reboot: true. Signals: SessionMgr:PendingFileRenameOperations
2026-02-16 11:18:18.746 -06:00 [INF] Windows Update search criteria: IsInstalled=0 and IsHidden=0 and Type='Software'
2026-02-16 11:18:18.805 -06:00 [INF] Searching for updates...
2026-02-16 11:18:27.397 -06:00 [INF] Search completed. ResultCode=2, UpdatesFound=0
2026-02-16 11:18:27.399 -06:00 [INF] No applicable updates found. System appears up to date.
